// Jest Snapshot v1, https://goo.gl/fbAQLP

exports[`ViaCep snapshot renders 1`] = `null`;
